/home/longvh12/portingrtu/g474_modbus_test/Core/Src/main.c:77:5:main	16	static
/home/longvh12/portingrtu/g474_modbus_test/Core/Src/main.c:189:6:SystemClock_Config	88	static
/home/longvh12/portingrtu/g474_modbus_test/Core/Src/main.c:235:13:MX_USART1_UART_Init	8	static
/home/longvh12/portingrtu/g474_modbus_test/Core/Src/main.c:283:13:MX_USART2_UART_Init	8	static
/home/longvh12/portingrtu/g474_modbus_test/Core/Src/main.c:331:13:MX_USART3_UART_Init	8	static
/home/longvh12/portingrtu/g474_modbus_test/Core/Src/main.c:377:13:MX_DMA_Init	16	static
/home/longvh12/portingrtu/g474_modbus_test/Core/Src/main.c:399:13:MX_GPIO_Init	24	static
/home/longvh12/portingrtu/g474_modbus_test/Core/Src/main.c:424:1:__io_putchar	16	static
/home/longvh12/portingrtu/g474_modbus_test/Core/Src/main.c:435:6:Error_Handler	4	static
