/home/longvh12/portingrtu/g474_modbus_test/Core/Src/modbus_adapter_stm32g4.c:50:12:read_holding_cb_s1	24	static
/home/longvh12/portingrtu/g474_modbus_test/Core/Src/modbus_adapter_stm32g4.c:59:12:write_holding_cb_s1	40	static
/home/longvh12/portingrtu/g474_modbus_test/Core/Src/modbus_adapter_stm32g4.c:78:12:read_coils_cb_s1	24	static
/home/longvh12/portingrtu/g474_modbus_test/Core/Src/modbus_adapter_stm32g4.c:87:12:write_coils_cb_s1	40	static
/home/longvh12/portingrtu/g474_modbus_test/Core/Src/modbus_adapter_stm32g4.c:105:12:read_discrete_inputs_cb_s1	24	static
/home/longvh12/portingrtu/g474_modbus_test/Core/Src/modbus_adapter_stm32g4.c:114:12:read_input_registers_cb_s1	24	static
/home/longvh12/portingrtu/g474_modbus_test/Core/Src/modbus_adapter_stm32g4.c:126:12:read_holding_cb_s2	24	static
/home/longvh12/portingrtu/g474_modbus_test/Core/Src/modbus_adapter_stm32g4.c:135:12:write_holding_cb_s2	40	static
/home/longvh12/portingrtu/g474_modbus_test/Core/Src/modbus_adapter_stm32g4.c:154:12:read_coils_cb_s2	24	static
/home/longvh12/portingrtu/g474_modbus_test/Core/Src/modbus_adapter_stm32g4.c:163:12:write_coils_cb_s2	40	static
/home/longvh12/portingrtu/g474_modbus_test/Core/Src/modbus_adapter_stm32g4.c:181:12:read_discrete_inputs_cb_s2	24	static
/home/longvh12/portingrtu/g474_modbus_test/Core/Src/modbus_adapter_stm32g4.c:190:12:read_input_registers_cb_s2	24	static
/home/longvh12/portingrtu/g474_modbus_test/Core/Src/modbus_adapter_stm32g4.c:229:12:addr_check_s1	40	static
/home/longvh12/portingrtu/g474_modbus_test/Core/Src/modbus_adapter_stm32g4.c:268:12:addr_check_s2	40	static
/home/longvh12/portingrtu/g474_modbus_test/Core/Src/modbus_adapter_stm32g4.c:334:6:Modbus_Init	8	static
/home/longvh12/portingrtu/g474_modbus_test/Core/Src/modbus_adapter_stm32g4.c:356:6:Modbus_Process	88	static
